==> Making package: xpathselect 1.4.15.10.20150824.1-1 (Thu 10 Sep 2026 23:49:51)
==> Checking runtime dependencies...
==> Checking buildtime dependencies...
==> Retrieving sources...
  -> Found xpathselect_1.4+15.10.20150824.1.orig.tar.gz
==> Validating source files with sha256sums...
    xpathselect_1.4+15.10.20150824.1.orig.tar.gz ... Passed
==> Extracting sources...
  -> Extracting xpathselect_1.4+15.10.20150824.1.orig.tar.gz with bsdtar
==> Starting prepare()...
==> Removing existing $pkgdir/ directory...
==> Starting build()...
The no-dev option is deprecated.  Use -Wno-author instead.
-- C++11 activated.
-- Configuring done (0.0s)
-- Generating done (0.0s)
-- Build files have been written to: /home/charlie/source/unity-arch/pkgs/xpathselect/src/build
[1/5] Building CXX object lib/CMakeFiles/xpathselect.dir/node.cpp.o
[2/5] Building CXX object lib/CMakeFiles/xpathselect.dir/parser.cpp.o
In file included from /usr/include/boost/config/header_deprecated.hpp:18,
                 from /usr/include/boost/spirit/include/phoenix_object.hpp:11,
                 from /home/charlie/source/unity-arch/pkgs/xpathselect/src/xpathselect-1.4+15.10.20150824.1/lib/parser.h:25,
                 from /home/charlie/source/unity-arch/pkgs/xpathselect/src/xpathselect-1.4+15.10.20150824.1/lib/parser.cpp:18:
/usr/include/boost/spirit/include/phoenix_object.hpp:12:1: note: ‘#pragma message: This header is deprecated. Use <boost/phoenix/object.hpp> instead.’
   12 | BOOST_HEADER_DEPRECATED("<boost/phoenix/object.hpp>")
      | ^~~~~~~~~~~~~~~~~~~~~~~
/usr/include/boost/spirit/include/phoenix_operator.hpp:12:1: note: ‘#pragma message: This header is deprecated. Use <boost/phoenix/operator.hpp> instead.’
   12 | BOOST_HEADER_DEPRECATED("<boost/phoenix/operator.hpp>")
      | ^~~~~~~~~~~~~~~~~~~~~~~
[3/5] Building CXX object lib/CMakeFiles/xpathselect.dir/xpathselect.cpp.o
In file included from /usr/include/boost/none_t.hpp:17,
                 from /usr/include/boost/none.hpp:17,
                 from /usr/include/boost/optional/optional.hpp:48,
                 from /home/charlie/source/unity-arch/pkgs/xpathselect/src/xpathselect-1.4+15.10.20150824.1/lib/xpathquerypart.h:26,
                 from /home/charlie/source/unity-arch/pkgs/xpathselect/src/xpathselect-1.4+15.10.20150824.1/lib/xpathselect.cpp:23:
/usr/include/boost/spirit/include/phoenix_object.hpp:12:1: note: ‘#pragma message: This header is deprecated. Use <boost/phoenix/object.hpp> instead.’
   12 | BOOST_HEADER_DEPRECATED("<boost/phoenix/object.hpp>")
      | ^~~~~~~~~~~~~~~~~~~~~~~
/usr/include/boost/spirit/include/phoenix_operator.hpp:12:1: note: ‘#pragma message: This header is deprecated. Use <boost/phoenix/operator.hpp> instead.’
   12 | BOOST_HEADER_DEPRECATED("<boost/phoenix/operator.hpp>")
      | ^~~~~~~~~~~~~~~~~~~~~~~
[4/5] Linking CXX shared library lib/libxpathselect.so.1.4
[5/5] Creating library symlink lib/libxpathselect.so
==> Entering fakeroot environment...
==> Starting package()...
-- Install configuration: "None"
-- Installing: /home/charlie/source/unity-arch/pkgs/xpathselect/pkg/xpathselect/usr/lib/libxpathselect.so.1.4
-- Installing: /home/charlie/source/unity-arch/pkgs/xpathselect/pkg/xpathselect/usr/lib/libxpathselect.so
-- Installing: /home/charlie/source/unity-arch/pkgs/xpathselect/pkg/xpathselect/usr/include/xpathselect/node.h
-- Installing: /home/charlie/source/unity-arch/pkgs/xpathselect/pkg/xpathselect/usr/include/xpathselect/xpathselect.h
-- Installing: /home/charlie/source/unity-arch/pkgs/xpathselect/pkg/xpathselect/usr/lib/pkgconfig/xpathselect.pc
==> Tidying install...
  -> Removing libtool files...
  -> Removing static library files...
  -> Purging unwanted files...
  -> Stripping unneeded symbols from binaries and libraries...
  -> Compressing man and info pages...
==> Checking for packaging issues...
==> Creating package "xpathselect"...
  -> Generating .PKGINFO file...
  -> Generating .BUILDINFO file...
  -> Generating .MTREE file...
  -> Compressing package...
==> Leaving fakeroot environment.
==> Finished making: xpathselect 1.4.15.10.20150824.1-1 (Thu 10 Sep 2026 23:50:01)
