==> Making package: grail 3.1.1-1 (Thu 10 Sep 2026 23:51:42)
==> Checking runtime dependencies...
==> Checking buildtime dependencies...
==> Retrieving sources...
  -> Downloading grail_3.1.1.orig.tar.bz2...
  % Total    % Received % Xferd  Average Speed  Time    Time    Time   Current
                                 Dload  Upload  Total   Spent   Left   Speed
  0      0   0      0   0      0      0      0           00:01              0  0      0   0      0   0      0      0      0           00:02              0  0      0   0      0   0      0      0      0           00:03              0  0      0   0      0   0      0      0      0           00:03              0
  0      0   0      0   0      0      0      0           00:04              0  3 412.9k   3  16384   0      0   2865      0   02:27   00:05   02:22  12283 47 412.9k  47 194.8k   0      0  28474      0   00:14   00:07   00:07  76067100 412.9k 100 412.9k   0      0  57135      0   00:07   00:07          76067100 412.9k 100 412.9k   0      0  57134      0   00:07   00:07          76067100 412.9k 100 412.9k   0      0  57134      0   00:07   00:07          76067
==> Validating source files with sha256sums...
    grail_3.1.1.orig.tar.bz2 ... Passed
==> Extracting sources...
  -> Extracting grail_3.1.1.orig.tar.bz2 with bsdtar
==> Starting build()...
checking for a BSD-compatible install... /usr/bin/install -c
checking whether build environment is sane... yes
checking for a thread-safe mkdir -p... /usr/bin/mkdir -p
checking for gawk... gawk
checking whether make sets $(MAKE)... yes
checking whether make supports nested variables... yes
checking whether make supports nested variables... (cached) yes
checking whether to enable maintainer-specific portions of Makefiles... yes
checking build system type... x86_64-unknown-linux-gnu
checking host system type... x86_64-unknown-linux-gnu
checking how to print strings... printf
checking for style of include used by make... GNU
checking for gcc... gcc
checking whether the C compiler works... yes
checking for C compiler default output file name... a.out
checking for suffix of executables... 
checking whether we are cross compiling... no
checking for suffix of object files... o
checking whether we are using the GNU C compiler... yes
checking whether gcc accepts -g... yes
checking for gcc option to accept ISO C89... none needed
checking whether gcc understands -c and -o together... yes
checking dependency style of gcc... gcc3
checking for a sed that does not truncate output... /usr/bin/sed
checking for grep that handles long lines and -e... /usr/bin/grep
checking for egrep... /usr/bin/grep -E
checking for fgrep... /usr/bin/grep -F
checking for ld used by gcc... /usr/bin/ld
checking if the linker (/usr/bin/ld) is GNU ld... yes
checking for BSD- or MS-compatible name lister (nm)... /usr/bin/nm -B
checking the name lister (/usr/bin/nm -B) interface... BSD nm
checking whether ln -s works... yes
checking the maximum length of command line arguments... 1572864
checking whether the shell understands some XSI constructs... yes
checking whether the shell understands "+="... yes
checking how to convert x86_64-unknown-linux-gnu file names to x86_64-unknown-linux-gnu format... func_convert_file_noop
checking how to convert x86_64-unknown-linux-gnu file names to toolchain format... func_convert_file_noop
checking for /usr/bin/ld option to reload object files... -r
checking for objdump... objdump
checking how to recognize dependent libraries... pass_all
checking for dlltool... no
checking how to associate runtime and link libraries... printf %s\n
checking for ar... ar
checking for archiver @FILE support... @
checking for strip... strip
checking for ranlib... ranlib
checking command to parse /usr/bin/nm -B output from gcc object... ok
checking for sysroot... no
checking for mt... no
checking if : is a manifest tool... no
checking how to run the C preprocessor... gcc -E
checking for ANSI C header files... yes
checking for sys/types.h... yes
checking for sys/stat.h... yes
checking for stdlib.h... yes
checking for string.h... yes
checking for memory.h... yes
checking for strings.h... yes
checking for inttypes.h... yes
checking for stdint.h... yes
checking for unistd.h... yes
checking for dlfcn.h... yes
checking for objdir... .libs
checking if gcc supports -fno-rtti -fno-exceptions... no
checking for gcc option to produce PIC... -fPIC -DPIC
checking if gcc PIC flag -fPIC -DPIC works... yes
checking if gcc static flag -static works... yes
checking if gcc supports -c -o file.o... yes
checking if gcc supports -c -o file.o... (cached) yes
checking whether the gcc linker (/usr/bin/ld -m elf_x86_64) supports shared libraries... yes
checking whether -lc should be explicitly linked in... no
checking dynamic linker characteristics... GNU/Linux ld.so
checking how to hardcode library paths into programs... immediate
checking whether stripping libraries is possible... yes
checking if libtool supports shared libraries... yes
checking whether to build shared libraries... yes
checking whether to build static libraries... no
checking for gcc... (cached) gcc
checking whether we are using the GNU C compiler... (cached) yes
checking whether gcc accepts -g... (cached) yes
checking for gcc option to accept ISO C89... (cached) none needed
checking whether gcc understands -c and -o together... (cached) yes
checking dependency style of gcc... (cached) gcc3
checking for g++... g++
checking whether we are using the GNU C++ compiler... yes
checking whether g++ accepts -g... yes
checking dependency style of g++... gcc3
checking how to run the C++ preprocessor... g++ -E
checking for ld used by g++... /usr/bin/ld -m elf_x86_64
checking if the linker (/usr/bin/ld -m elf_x86_64) is GNU ld... yes
checking whether the g++ linker (/usr/bin/ld -m elf_x86_64) supports shared libraries... yes
checking for g++ option to produce PIC... -fPIC -DPIC
checking if g++ PIC flag -fPIC -DPIC works... yes
checking if g++ static flag -static works... yes
checking if g++ supports -c -o file.o... yes
checking if g++ supports -c -o file.o... (cached) yes
checking whether the g++ linker (/usr/bin/ld -m elf_x86_64) supports shared libraries... yes
checking dynamic linker characteristics... (cached) GNU/Linux ld.so
checking how to hardcode library paths into programs... immediate
checking for pkg-config... /usr/bin/pkg-config
checking pkg-config is at least version 0.9.0... yes
checking for XINPUT... yes
checking for FRAME... yes
checking whether __clang__ is declared... no
checking whether __INTEL_COMPILER is declared... no
checking whether __SUNPRO_C is declared... no
checking if g++ supports -Werror=unknown-warning-option... yes
checking if g++ supports -Werror=unused-command-line-argument... yes
checking if g++ supports-Wall... yes
checking if g++ supports-Wpointer-arith... yes
checking if g++ supports-Wmissing-declarations... yes
checking if g++ supports-Wformat=2... yes
checking if g++ supports-Wunused... yes
checking if g++ supports-Wuninitialized... yes
checking if g++ supports-Wshadow... yes
checking if g++ supports-Wcast-qual... yes
checking if g++ supports-Wmissing-noreturn... yes
checking if g++ supports-Wmissing-format-attribute... yes
checking if g++ supports-Wredundant-decls... yes
checking if g++ supports-Werror=implicit... yes
checking if g++ supports-Werror=nonnull... yes
checking if g++ supports-Werror=init-self... yes
checking if g++ supports-Werror=main... yes
checking if g++ supports-Werror=missing-braces... yes
checking if g++ supports-Werror=sequence-point... yes
checking if g++ supports-Werror=return-type... yes
checking if g++ supports-Werror=trigraphs... yes
checking if g++ supports-Werror=array-bounds... yes
checking if g++ supports-Werror=write-strings... yes
checking if g++ supports-Werror=address... yes
checking if g++ supports-Werror=int-to-pointer-cast... yes
checking if g++ supports-Werror=pointer-to-int-cast... yes
Package xorg-gtest was not found in the pkg-config search path.
Perhaps you should add the directory containing `xorg-gtest.pc'
to the PKG_CONFIG_PATH environment variable
Package 'xorg-gtest' not found
Package xorg-gtest was not found in the pkg-config search path.
Perhaps you should add the directory containing `xorg-gtest.pc'
to the PKG_CONFIG_PATH environment variable
Package 'xorg-gtest' not found
checking for X11... yes
checking for EVEMU... no
configure: WARNING: xorg-gtest is not available, tests will not be built
checking that generated files are newer than configure... done
configure: creating ./config.status
config.status: creating Makefile
config.status: creating src/Makefile
config.status: creating tools/Makefile
config.status: creating test/Makefile
config.status: creating test/gtest/Makefile
config.status: creating test/integration/Makefile
config.status: creating test/regular/Makefile
config.status: creating grail.pc
config.status: creating config.h
config.status: executing depfiles commands
config.status: executing libtool commands
configure: 
configure: [1mOpen Input Framework - Grail library - 3.1.1(B[m
configure: 
configure:    Prefix                  : [1m/usr(B[m
configure:    CFLAGS                  : [1m-march=x86-64 -mtune=generic -O2 -pipe -fno-plt -fexceptions -Wp,-D_FORTIFY_SOURCE=3 -Wformat -Werror=format-security -fstack-clash-protection -fcf-protection -fno-omit-frame-pointer -mno-omit-leaf-frame-pointer (B[m
configure:    X11 support             : [1myes(B[m
configure:    Build integration tests : [1mno(B[m
configure: 
make  all-recursive
make[1]: Entering directory '/home/charlie/source/unity-arch/pkgs/grail/src/grail-3.1.1'
Making all in src
make[2]: Entering directory '/home/charlie/source/unity-arch/pkgs/grail/src/grail-3.1.1/src'
  CXX      atomic-recognizer.lo
  CXX      event.lo
  CXX      gesture.lo
  CXX      handle.lo
  CXX      recognizer.lo
  CXX      log.lo
  CXX      regular-recognizer.lo
  CXX      slice.lo
  CXX      subscription.lo
  CXX      touch.lo
  CXXLD    libgrail.la
make[2]: Leaving directory '/home/charlie/source/unity-arch/pkgs/grail/src/grail-3.1.1/src'
Making all in test
make[2]: Entering directory '/home/charlie/source/unity-arch/pkgs/grail/src/grail-3.1.1/test'
Making all in gtest
make[3]: Entering directory '/home/charlie/source/unity-arch/pkgs/grail/src/grail-3.1.1/test/gtest'
make[3]: Nothing to be done for 'all'.
make[3]: Leaving directory '/home/charlie/source/unity-arch/pkgs/grail/src/grail-3.1.1/test/gtest'
Making all in regular
make[3]: Entering directory '/home/charlie/source/unity-arch/pkgs/grail/src/grail-3.1.1/test/regular'
make[3]: Nothing to be done for 'all'.
make[3]: Leaving directory '/home/charlie/source/unity-arch/pkgs/grail/src/grail-3.1.1/test/regular'
make[3]: Entering directory '/home/charlie/source/unity-arch/pkgs/grail/src/grail-3.1.1/test'
make[3]: Nothing to be done for 'all-am'.
make[3]: Leaving directory '/home/charlie/source/unity-arch/pkgs/grail/src/grail-3.1.1/test'
make[2]: Leaving directory '/home/charlie/source/unity-arch/pkgs/grail/src/grail-3.1.1/test'
Making all in tools
make[2]: Entering directory '/home/charlie/source/unity-arch/pkgs/grail/src/grail-3.1.1/tools'
  CC       grail-test-propagation.o
  CC       device.o
  CC       servertime.o
  CC       slice.o
  CC       grail-test-edge.o
  CC       grail-test-3-1.o
  CC       grail-test-atomic.o
  CCLD     grail-test-propagation
  CCLD     grail-test-edge
  CCLD     grail-test-atomic
  CCLD     grail-test-3-1
make[2]: Leaving directory '/home/charlie/source/unity-arch/pkgs/grail/src/grail-3.1.1/tools'
make[2]: Entering directory '/home/charlie/source/unity-arch/pkgs/grail/src/grail-3.1.1'
make[2]: Leaving directory '/home/charlie/source/unity-arch/pkgs/grail/src/grail-3.1.1'
make[1]: Leaving directory '/home/charlie/source/unity-arch/pkgs/grail/src/grail-3.1.1'
==> Entering fakeroot environment...
==> Starting package()...
Making install in src
make[1]: Entering directory '/home/charlie/source/unity-arch/pkgs/grail/src/grail-3.1.1/src'
make[2]: Entering directory '/home/charlie/source/unity-arch/pkgs/grail/src/grail-3.1.1/src'
 /usr/bin/mkdir -p '/home/charlie/source/unity-arch/pkgs/grail/pkg/grail/usr/include/oif'
 /usr/bin/mkdir -p '/home/charlie/source/unity-arch/pkgs/grail/pkg/grail/usr/lib'
 /bin/sh ../libtool   --mode=install /usr/bin/install -c   libgrail.la '/home/charlie/source/unity-arch/pkgs/grail/pkg/grail/usr/lib'
 /usr/bin/install -c -m 644 ../include/oif/grail.h '/home/charlie/source/unity-arch/pkgs/grail/pkg/grail/usr/include/oif'
libtool: install: /usr/bin/install -c .libs/libgrail.so.6.0.0 /home/charlie/source/unity-arch/pkgs/grail/pkg/grail/usr/lib/libgrail.so.6.0.0
libtool: install: (cd /home/charlie/source/unity-arch/pkgs/grail/pkg/grail/usr/lib && { ln -s -f libgrail.so.6.0.0 libgrail.so.6 || { rm -f libgrail.so.6 && ln -s libgrail.so.6.0.0 libgrail.so.6; }; })
libtool: install: (cd /home/charlie/source/unity-arch/pkgs/grail/pkg/grail/usr/lib && { ln -s -f libgrail.so.6.0.0 libgrail.so || { rm -f libgrail.so && ln -s libgrail.so.6.0.0 libgrail.so; }; })
libtool: install: /usr/bin/install -c .libs/libgrail.lai /home/charlie/source/unity-arch/pkgs/grail/pkg/grail/usr/lib/libgrail.la
libtool: install: warning: remember to run `libtool --finish /usr/lib'
make[2]: Leaving directory '/home/charlie/source/unity-arch/pkgs/grail/src/grail-3.1.1/src'
make[1]: Leaving directory '/home/charlie/source/unity-arch/pkgs/grail/src/grail-3.1.1/src'
Making install in test
make[1]: Entering directory '/home/charlie/source/unity-arch/pkgs/grail/src/grail-3.1.1/test'
Making install in gtest
make[2]: Entering directory '/home/charlie/source/unity-arch/pkgs/grail/src/grail-3.1.1/test/gtest'
make[3]: Entering directory '/home/charlie/source/unity-arch/pkgs/grail/src/grail-3.1.1/test/gtest'
make[3]: Nothing to be done for 'install-exec-am'.
make[3]: Nothing to be done for 'install-data-am'.
make[3]: Leaving directory '/home/charlie/source/unity-arch/pkgs/grail/src/grail-3.1.1/test/gtest'
make[2]: Leaving directory '/home/charlie/source/unity-arch/pkgs/grail/src/grail-3.1.1/test/gtest'
Making install in regular
make[2]: Entering directory '/home/charlie/source/unity-arch/pkgs/grail/src/grail-3.1.1/test/regular'
make[3]: Entering directory '/home/charlie/source/unity-arch/pkgs/grail/src/grail-3.1.1/test/regular'
make[3]: Nothing to be done for 'install-exec-am'.
make[3]: Nothing to be done for 'install-data-am'.
make[3]: Leaving directory '/home/charlie/source/unity-arch/pkgs/grail/src/grail-3.1.1/test/regular'
make[2]: Leaving directory '/home/charlie/source/unity-arch/pkgs/grail/src/grail-3.1.1/test/regular'
make[2]: Entering directory '/home/charlie/source/unity-arch/pkgs/grail/src/grail-3.1.1/test'
make[3]: Entering directory '/home/charlie/source/unity-arch/pkgs/grail/src/grail-3.1.1/test'
make[3]: Nothing to be done for 'install-exec-am'.
make[3]: Nothing to be done for 'install-data-am'.
make[3]: Leaving directory '/home/charlie/source/unity-arch/pkgs/grail/src/grail-3.1.1/test'
make[2]: Leaving directory '/home/charlie/source/unity-arch/pkgs/grail/src/grail-3.1.1/test'
make[1]: Leaving directory '/home/charlie/source/unity-arch/pkgs/grail/src/grail-3.1.1/test'
Making install in tools
make[1]: Entering directory '/home/charlie/source/unity-arch/pkgs/grail/src/grail-3.1.1/tools'
make[2]: Entering directory '/home/charlie/source/unity-arch/pkgs/grail/src/grail-3.1.1/tools'
 /usr/bin/mkdir -p '/home/charlie/source/unity-arch/pkgs/grail/pkg/grail/usr/bin'
 /usr/bin/mkdir -p '/home/charlie/source/unity-arch/pkgs/grail/pkg/grail/usr/share/man/man1'
  /bin/sh ../libtool   --mode=install /usr/bin/install -c grail-test-propagation grail-test-edge grail-test-3-1 grail-test-atomic '/home/charlie/source/unity-arch/pkgs/grail/pkg/grail/usr/bin'
 /usr/bin/install -c -m 644 grail-test-3-1.1 grail-test-atomic.1 grail-test-edge.1 grail-test-propagation.1 '/home/charlie/source/unity-arch/pkgs/grail/pkg/grail/usr/share/man/man1'
libtool: install: warning: `../src/libgrail.la' has not been installed in `/usr/lib'
libtool: install: /usr/bin/install -c .libs/grail-test-propagation /home/charlie/source/unity-arch/pkgs/grail/pkg/grail/usr/bin/grail-test-propagation
libtool: install: warning: `../src/libgrail.la' has not been installed in `/usr/lib'
libtool: install: /usr/bin/install -c .libs/grail-test-edge /home/charlie/source/unity-arch/pkgs/grail/pkg/grail/usr/bin/grail-test-edge
libtool: install: warning: `../src/libgrail.la' has not been installed in `/usr/lib'
libtool: install: /usr/bin/install -c .libs/grail-test-3-1 /home/charlie/source/unity-arch/pkgs/grail/pkg/grail/usr/bin/grail-test-3-1
libtool: install: warning: `../src/libgrail.la' has not been installed in `/usr/lib'
libtool: install: /usr/bin/install -c .libs/grail-test-atomic /home/charlie/source/unity-arch/pkgs/grail/pkg/grail/usr/bin/grail-test-atomic
make[2]: Leaving directory '/home/charlie/source/unity-arch/pkgs/grail/src/grail-3.1.1/tools'
make[1]: Leaving directory '/home/charlie/source/unity-arch/pkgs/grail/src/grail-3.1.1/tools'
make[1]: Entering directory '/home/charlie/source/unity-arch/pkgs/grail/src/grail-3.1.1'
make[2]: Entering directory '/home/charlie/source/unity-arch/pkgs/grail/src/grail-3.1.1'
make[2]: Nothing to be done for 'install-exec-am'.
 /usr/bin/mkdir -p '/home/charlie/source/unity-arch/pkgs/grail/pkg/grail/usr/lib/pkgconfig'
 /usr/bin/install -c -m 644 grail.pc '/home/charlie/source/unity-arch/pkgs/grail/pkg/grail/usr/lib/pkgconfig'
make[2]: Leaving directory '/home/charlie/source/unity-arch/pkgs/grail/src/grail-3.1.1'
make[1]: Leaving directory '/home/charlie/source/unity-arch/pkgs/grail/src/grail-3.1.1'
==> Tidying install...
  -> Removing libtool files...
  -> Removing static library files...
  -> Purging unwanted files...
  -> Stripping unneeded symbols from binaries and libraries...
  -> Compressing man and info pages...
==> Checking for packaging issues...
==> Creating package "grail"...
  -> Generating .PKGINFO file...
  -> Generating .BUILDINFO file...
  -> Generating .MTREE file...
  -> Compressing package...
==> Leaving fakeroot environment.
==> Finished making: grail 3.1.1-1 (Thu 10 Sep 2026 23:52:01)
