==> Making package: unity-asset-pool 0.8.24.17.10.20170507-1 (Thu 10 Sep 2026 23:46:04)
==> Checking runtime dependencies...
==> Checking buildtime dependencies...
==> Retrieving sources...
  -> Downloading unity-asset-pool_0.8.24+17.10.20170507.orig.tar.gz...
  % Total    % Received % Xferd  Average Speed  Time    Time    Time   Current
                                 Dload  Upload  Total   Spent   Left   Speed
  0      0   0      0   0      0      0      0                              0  0      0   0      0   0      0      0      0           00:01              0  0      0   0      0   0      0      0      0           00:02              0  0      0   0      0   0      0      0      0           00:03              0  0      0   0      0   0      0      0      0           00:04              0  0      0   0      0   0      0      0      0           00:05              0  0      0   0      0   0      0      0      0           00:05              0
  0      0   0      0   0      0      0      0           00:06              0 49 147.7k  49  74420   0      0  10042      0   00:15   00:07   00:08  67177100 147.7k 100 147.7k   0      0  19557      0   00:07   00:07          67177100 147.7k 100 147.7k   0      0  19557      0   00:07   00:07          67177100 147.7k 100 147.7k   0      0  19557      0   00:07   00:07          67177
==> Validating source files with sha256sums...
    unity-asset-pool_0.8.24+17.10.20170507.orig.tar.gz ... Passed
==> Extracting sources...
==> Starting prepare()...
==> Entering fakeroot environment...
==> Starting package()...
Setting up icon mapping for: 128
Setting up icon mapping for: 48
Setting up icon mapping for: 22
Setting up icon mapping for: 24
Setting up icon mapping for: 48
Setting up icon mapping for: svg
Setting up icon mapping for: 16
Setting up icon mapping for: 48
==> Tidying install...
  -> Removing libtool files...
  -> Removing static library files...
  -> Purging unwanted files...
  -> Stripping unneeded symbols from binaries and libraries...
  -> Compressing man and info pages...
==> Checking for packaging issues...
==> Creating package "unity-asset-pool"...
  -> Generating .PKGINFO file...
  -> Generating .BUILDINFO file...
  -> Generating .MTREE file...
  -> Compressing package...
==> Leaving fakeroot environment.
==> Finished making: unity-asset-pool 0.8.24.17.10.20170507-1 (Thu 10 Sep 2026 23:46:16)
